== Abstract Syntax Tree ==
LogicalProject(a=[$0], b=[$1])
+- LogicalTableScan(table=[[default_catalog, default_database, R, source: [RandomSource(a, b)]]])

== Optimized Logical Plan ==
TableSourceScan(table=[[default_catalog, default_database, R, source: [RandomSource(a, b)]]], fields=[a, b])

== Physical Execution Plan ==
 : Data Source
	content : Source: Custom Source

	 : Operator
		content : SourceConversion(table=[default_catalog.default_database.R, source: [RandomSource(a, b)]], fields=[a, b])
		ship_strategy : FORWARD

